../Core/Src/stm32l4xx_hal_msp.c:65:6:HAL_MspInit	8	static
../Core/Src/stm32l4xx_hal_msp.c:88:6:HAL_ADC_MspInit	144	static
../Core/Src/stm32l4xx_hal_msp.c:142:6:HAL_ADC_MspDeInit	8	static
../Core/Src/stm32l4xx_hal_msp.c:172:6:HAL_TIM_Base_MspInit	16	static
../Core/Src/stm32l4xx_hal_msp.c:191:6:HAL_TIM_MspPostInit	32	static
../Core/Src/stm32l4xx_hal_msp.c:223:6:HAL_TIM_Base_MspDeInit	0	static
../Core/Src/stm32l4xx_hal_msp.c:248:6:HAL_UART_MspInit	144	static
../Core/Src/stm32l4xx_hal_msp.c:295:6:HAL_UART_MspDeInit	0	static
